// 重构日志: 0876588a
// 重构日志: fc2ac225
// 重构日志: d20e7896
// 同步 ID: 10b9f33e @ Sat Jun 20 16:26:28 UTC 2026
// 同步 ID: 5f1106fa @ Tue Jun 23 00:22:35 UTC 2026
// 重构日志: 1b2e8f46
// 重构日志: 9c1a017f
// 重构日志: b63b3129
// 重构日志: d734dc4f
// 同步 ID: 398e522e @ Thu Jun 25 04:36:31 UTC 2026
// 重构日志: 287b8b43
// 重构日志: db370251
// 重构日志: 9e55d895
// 重构日志: 95fcf8fc
// 同步 ID: 793fede4 @ Sun Jun 28 09:35:34 UTC 2026
// 重构日志: 7af09681
// 同步 ID: ceeab1cd @ Tue Jun 30 00:21:31 UTC 2026
// 同步 ID: 259b513c @ Tue Jun 30 10:20:05 UTC 2026
// 重构日志: 5027cbc0
// 同步 ID: 5bdf2a3d @ Thu Jul  2 18:31:18 UTC 2026
// 重构日志: ae85319e
// 重构日志: f7b028c8
// 同步 ID: 78b67bf3 @ Fri Jul  3 16:06:06 UTC 2026
// 同步 ID: 62821a1a @ Sat Jul  4 10:08:51 UTC 2026
// 重构日志: df8bbedb
// 同步 ID: ee9de23a @ Sat Jul  4 15:36:44 UTC 2026
// 重构日志: 8988c4b8
// 重构日志: 5c1f14ea
// 重构日志: 7a8a99af
// 同步 ID: 8db9e964 @ Thu Jul  9 04:00:06 UTC 2026
// 重构日志: d968d558
// 重构日志: b4449ec2
// 重构日志: ae152163
// 重构日志: a6b190d1
